{
  'project:ecmascript6/di.js/visualize/lib/d3.v3.js': [
    8711,
    8716,
  ],
  'project:ecmascript6/yield-expression.js': [
    4,
  ],
  'project:google-closure-library/iter/iter.js': [
    164,
  ],
}
